--------------------------------------------------------------------------------
Release 10.1 Trace  (nt)
Copyright (c) 1995-2008 Xilinx, Inc.  All rights reserved.

C:\Xilinx\10.1\ISE\bin\nt\unwrapped\trce.exe -ise
C:/Documents and Settings/student/EE533-lab2/EE533verilog/EE533verilog.ise
-intstyle ise -e 3 -s 4 -xml Alu32 Alu32.ncd -o Alu32.twr Alu32.pcf

Design file:              Alu32.ncd
Physical constraint file: Alu32.pcf
Device,package,speed:     xc3s700a,fg484,-4 (PRODUCTION 1.39 2008-01-09)
Report level:             error report

Environment Variable      Effect 
--------------------      ------ 
NONE                      No environment variables were set
--------------------------------------------------------------------------------

INFO:Timing:2698 - No timing constraints found, doing default enumeration.
INFO:Timing:2752 - To get complete path coverage, use the unconstrained paths 
   option. All paths that are not constrained will be reported in the 
   unconstrained paths section(s) of the report.
INFO:Timing:3339 - The clock-to-out numbers in this timing report are based on 
   a 50 Ohm transmission line loading model.  For the details of this model, 
   and for more information on accounting for different loading conditions, 
   please see the device datasheet.



Data Sheet report:
-----------------
All values displayed in nanoseconds (ns)

Pad to Pad
---------------+---------------+---------+
Source Pad     |Destination Pad|  Delay  |
---------------+---------------+---------+
A<0>           |Result<0>      |   13.033|
A<0>           |Result<1>      |   13.641|
A<0>           |Result<2>      |   13.485|
A<0>           |Result<3>      |   13.678|
A<0>           |Result<4>      |   13.651|
A<0>           |Result<5>      |   13.639|
A<0>           |Result<6>      |   13.696|
A<0>           |Result<7>      |   14.425|
A<0>           |Result<8>      |   12.782|
A<0>           |Result<9>      |   14.061|
A<0>           |Result<10>     |   13.682|
A<0>           |Result<11>     |   13.837|
A<0>           |Result<12>     |   13.917|
A<0>           |Result<13>     |   14.059|
A<0>           |Result<14>     |   13.676|
A<0>           |Result<15>     |   13.440|
A<0>           |Result<16>     |   14.064|
A<0>           |Result<17>     |   13.671|
A<0>           |Result<18>     |   13.744|
A<0>           |Result<19>     |   13.718|
A<0>           |Result<20>     |   13.030|
A<0>           |Result<21>     |   13.995|
A<0>           |Result<22>     |   13.970|
A<0>           |Result<23>     |   13.789|
A<0>           |Result<24>     |   13.400|
A<0>           |Result<25>     |   14.423|
A<0>           |Result<26>     |   14.121|
A<0>           |Result<27>     |   14.031|
A<0>           |Result<28>     |   13.239|
A<0>           |Result<29>     |   13.832|
A<0>           |Result<30>     |   14.487|
A<0>           |Result<31>     |   14.268|
A<1>           |Result<0>      |   10.102|
A<1>           |Result<1>      |   12.585|
A<1>           |Result<2>      |   12.897|
A<1>           |Result<3>      |   13.090|
A<1>           |Result<4>      |   13.063|
A<1>           |Result<5>      |   13.051|
A<1>           |Result<6>      |   13.108|
A<1>           |Result<7>      |   13.837|
A<1>           |Result<8>      |   12.194|
A<1>           |Result<9>      |   13.473|
A<1>           |Result<10>     |   13.094|
A<1>           |Result<11>     |   13.249|
A<1>           |Result<12>     |   13.329|
A<1>           |Result<13>     |   13.471|
A<1>           |Result<14>     |   13.088|
A<1>           |Result<15>     |   12.852|
A<1>           |Result<16>     |   13.476|
A<1>           |Result<17>     |   13.083|
A<1>           |Result<18>     |   13.156|
A<1>           |Result<19>     |   13.130|
A<1>           |Result<20>     |   12.442|
A<1>           |Result<21>     |   13.407|
A<1>           |Result<22>     |   13.382|
A<1>           |Result<23>     |   13.201|
A<1>           |Result<24>     |   12.812|
A<1>           |Result<25>     |   13.835|
A<1>           |Result<26>     |   13.533|
A<1>           |Result<27>     |   13.443|
A<1>           |Result<28>     |   12.651|
A<1>           |Result<29>     |   13.244|
A<1>           |Result<30>     |   13.899|
A<1>           |Result<31>     |   13.680|
A<2>           |Result<1>      |   11.157|
A<2>           |Result<2>      |   12.052|
A<2>           |Result<3>      |   12.719|
A<2>           |Result<4>      |   12.768|
A<2>           |Result<5>      |   12.756|
A<2>           |Result<6>      |   12.813|
A<2>           |Result<7>      |   13.542|
A<2>           |Result<8>      |   11.899|
A<2>           |Result<9>      |   13.178|
A<2>           |Result<10>     |   12.799|
A<2>           |Result<11>     |   12.954|
A<2>           |Result<12>     |   13.034|
A<2>           |Result<13>     |   13.176|
A<2>           |Result<14>     |   12.793|
A<2>           |Result<15>     |   12.557|
A<2>           |Result<16>     |   13.181|
A<2>           |Result<17>     |   12.788|
A<2>           |Result<18>     |   12.861|
A<2>           |Result<19>     |   12.835|
A<2>           |Result<20>     |   12.147|
A<2>           |Result<21>     |   13.112|
A<2>           |Result<22>     |   13.087|
A<2>           |Result<23>     |   12.906|
A<2>           |Result<24>     |   12.517|
A<2>           |Result<25>     |   13.540|
A<2>           |Result<26>     |   13.238|
A<2>           |Result<27>     |   13.148|
A<2>           |Result<28>     |   12.356|
A<2>           |Result<29>     |   12.949|
A<2>           |Result<30>     |   13.604|
A<2>           |Result<31>     |   13.385|
A<3>           |Result<2>      |    9.608|
A<3>           |Result<3>      |   12.073|
A<3>           |Result<4>      |   12.590|
A<3>           |Result<5>      |   12.578|
A<3>           |Result<6>      |   12.635|
A<3>           |Result<7>      |   13.364|
A<3>           |Result<8>      |   11.721|
A<3>           |Result<9>      |   13.000|
A<3>           |Result<10>     |   12.621|
A<3>           |Result<11>     |   12.776|
A<3>           |Result<12>     |   12.856|
A<3>           |Result<13>     |   12.998|
A<3>           |Result<14>     |   12.615|
A<3>           |Result<15>     |   12.379|
A<3>           |Result<16>     |   13.003|
A<3>           |Result<17>     |   12.610|
A<3>           |Result<18>     |   12.683|
A<3>           |Result<19>     |   12.657|
A<3>           |Result<20>     |   11.969|
A<3>           |Result<21>     |   12.934|
A<3>           |Result<22>     |   12.909|
A<3>           |Result<23>     |   12.728|
A<3>           |Result<24>     |   12.339|
A<3>           |Result<25>     |   13.362|
A<3>           |Result<26>     |   13.060|
A<3>           |Result<27>     |   12.970|
A<3>           |Result<28>     |   12.178|
A<3>           |Result<29>     |   12.771|
A<3>           |Result<30>     |   13.426|
A<3>           |Result<31>     |   13.207|
A<4>           |Result<3>      |    9.402|
A<4>           |Result<4>      |   11.300|
A<4>           |Result<5>      |   11.762|
A<4>           |Result<6>      |   11.895|
A<4>           |Result<7>      |   12.624|
A<4>           |Result<8>      |   10.981|
A<4>           |Result<9>      |   12.260|
A<4>           |Result<10>     |   11.881|
A<4>           |Result<11>     |   12.036|
A<4>           |Result<12>     |   12.116|
A<4>           |Result<13>     |   12.258|
A<4>           |Result<14>     |   11.875|
A<4>           |Result<15>     |   11.639|
A<4>           |Result<16>     |   12.263|
A<4>           |Result<17>     |   11.870|
A<4>           |Result<18>     |   11.943|
A<4>           |Result<19>     |   11.917|
A<4>           |Result<20>     |   11.229|
A<4>           |Result<21>     |   12.194|
A<4>           |Result<22>     |   12.169|
A<4>           |Result<23>     |   11.988|
A<4>           |Result<24>     |   11.599|
A<4>           |Result<25>     |   12.622|
A<4>           |Result<26>     |   12.320|
A<4>           |Result<27>     |   12.230|
A<4>           |Result<28>     |   11.438|
A<4>           |Result<29>     |   12.031|
A<4>           |Result<30>     |   12.686|
A<4>           |Result<31>     |   12.467|
A<5>           |Result<4>      |    9.496|
A<5>           |Result<5>      |   11.295|
A<5>           |Result<6>      |   11.896|
A<5>           |Result<7>      |   12.625|
A<5>           |Result<8>      |   10.982|
A<5>           |Result<9>      |   12.261|
A<5>           |Result<10>     |   11.882|
A<5>           |Result<11>     |   12.037|
A<5>           |Result<12>     |   12.117|
A<5>           |Result<13>     |   12.259|
A<5>           |Result<14>     |   11.876|
A<5>           |Result<15>     |   11.640|
A<5>           |Result<16>     |   12.264|
A<5>           |Result<17>     |   11.871|
A<5>           |Result<18>     |   11.944|
A<5>           |Result<19>     |   11.918|
A<5>           |Result<20>     |   11.230|
A<5>           |Result<21>     |   12.195|
A<5>           |Result<22>     |   12.170|
A<5>           |Result<23>     |   11.989|
A<5>           |Result<24>     |   11.600|
A<5>           |Result<25>     |   12.623|
A<5>           |Result<26>     |   12.321|
A<5>           |Result<27>     |   12.231|
A<5>           |Result<28>     |   11.439|
A<5>           |Result<29>     |   12.032|
A<5>           |Result<30>     |   12.687|
A<5>           |Result<31>     |   12.468|
A<6>           |Result<5>      |    9.268|
A<6>           |Result<6>      |   10.859|
A<6>           |Result<7>      |   12.062|
A<6>           |Result<8>      |   10.495|
A<6>           |Result<9>      |   11.774|
A<6>           |Result<10>     |   11.395|
A<6>           |Result<11>     |   11.550|
A<6>           |Result<12>     |   11.630|
A<6>           |Result<13>     |   11.772|
A<6>           |Result<14>     |   11.389|
A<6>           |Result<15>     |   11.153|
A<6>           |Result<16>     |   11.777|
A<6>           |Result<17>     |   11.384|
A<6>           |Result<18>     |   11.457|
A<6>           |Result<19>     |   11.431|
A<6>           |Result<20>     |   10.743|
A<6>           |Result<21>     |   11.708|
A<6>           |Result<22>     |   11.683|
A<6>           |Result<23>     |   11.502|
A<6>           |Result<24>     |   11.113|
A<6>           |Result<25>     |   12.136|
A<6>           |Result<26>     |   11.834|
A<6>           |Result<27>     |   11.744|
A<6>           |Result<28>     |   10.952|
A<6>           |Result<29>     |   11.545|
A<6>           |Result<30>     |   12.200|
A<6>           |Result<31>     |   11.981|
A<7>           |Result<6>      |    9.391|
A<7>           |Result<7>      |   11.642|
A<7>           |Result<8>      |   10.543|
A<7>           |Result<9>      |   11.822|
A<7>           |Result<10>     |   11.443|
A<7>           |Result<11>     |   11.598|
A<7>           |Result<12>     |   11.678|
A<7>           |Result<13>     |   11.820|
A<7>           |Result<14>     |   11.437|
A<7>           |Result<15>     |   11.201|
A<7>           |Result<16>     |   11.825|
A<7>           |Result<17>     |   11.432|
A<7>           |Result<18>     |   11.505|
A<7>           |Result<19>     |   11.479|
A<7>           |Result<20>     |   10.791|
A<7>           |Result<21>     |   11.756|
A<7>           |Result<22>     |   11.731|
A<7>           |Result<23>     |   11.550|
A<7>           |Result<24>     |   11.161|
A<7>           |Result<25>     |   12.184|
A<7>           |Result<26>     |   11.882|
A<7>           |Result<27>     |   11.792|
A<7>           |Result<28>     |   11.000|
A<7>           |Result<29>     |   11.593|
A<7>           |Result<30>     |   12.248|
A<7>           |Result<31>     |   12.029|
A<8>           |Result<7>      |   10.330|
A<8>           |Result<8>      |   10.230|
A<8>           |Result<9>      |   11.983|
A<8>           |Result<10>     |   11.680|
A<8>           |Result<11>     |   11.835|
A<8>           |Result<12>     |   11.915|
A<8>           |Result<13>     |   12.057|
A<8>           |Result<14>     |   11.674|
A<8>           |Result<15>     |   11.438|
A<8>           |Result<16>     |   12.062|
A<8>           |Result<17>     |   11.669|
A<8>           |Result<18>     |   11.742|
A<8>           |Result<19>     |   11.716|
A<8>           |Result<20>     |   11.028|
A<8>           |Result<21>     |   11.993|
A<8>           |Result<22>     |   11.968|
A<8>           |Result<23>     |   11.787|
A<8>           |Result<24>     |   11.398|
A<8>           |Result<25>     |   12.421|
A<8>           |Result<26>     |   12.119|
A<8>           |Result<27>     |   12.029|
A<8>           |Result<28>     |   11.237|
A<8>           |Result<29>     |   11.830|
A<8>           |Result<30>     |   12.485|
A<8>           |Result<31>     |   12.266|
A<9>           |Result<8>      |    7.752|
A<9>           |Result<9>      |   10.680|
A<9>           |Result<10>     |   10.845|
A<9>           |Result<11>     |   11.000|
A<9>           |Result<12>     |   11.080|
A<9>           |Result<13>     |   11.222|
A<9>           |Result<14>     |   10.839|
A<9>           |Result<15>     |   10.603|
A<9>           |Result<16>     |   11.227|
A<9>           |Result<17>     |   10.834|
A<9>           |Result<18>     |   10.907|
A<9>           |Result<19>     |   10.881|
A<9>           |Result<20>     |   10.193|
A<9>           |Result<21>     |   11.158|
A<9>           |Result<22>     |   11.133|
A<9>           |Result<23>     |   10.952|
A<9>           |Result<24>     |   10.563|
A<9>           |Result<25>     |   11.586|
A<9>           |Result<26>     |   11.284|
A<9>           |Result<27>     |   11.194|
A<9>           |Result<28>     |   10.402|
A<9>           |Result<29>     |   10.995|
A<9>           |Result<30>     |   11.650|
A<9>           |Result<31>     |   11.431|
A<10>          |Result<9>      |   10.114|
A<10>          |Result<10>     |   10.203|
A<10>          |Result<11>     |   10.832|
A<10>          |Result<12>     |   10.988|
A<10>          |Result<13>     |   11.130|
A<10>          |Result<14>     |   10.747|
A<10>          |Result<15>     |   10.511|
A<10>          |Result<16>     |   11.135|
A<10>          |Result<17>     |   10.742|
A<10>          |Result<18>     |   10.815|
A<10>          |Result<19>     |   10.789|
A<10>          |Result<20>     |   10.101|
A<10>          |Result<21>     |   11.066|
A<10>          |Result<22>     |   11.041|
A<10>          |Result<23>     |   10.860|
A<10>          |Result<24>     |   10.471|
A<10>          |Result<25>     |   11.494|
A<10>          |Result<26>     |   11.192|
A<10>          |Result<27>     |   11.102|
A<10>          |Result<28>     |   10.310|
A<10>          |Result<29>     |   10.903|
A<10>          |Result<30>     |   11.558|
A<10>          |Result<31>     |   11.339|
A<11>          |Result<10>     |    8.374|
A<11>          |Result<11>     |   10.294|
A<11>          |Result<12>     |   10.918|
A<11>          |Result<13>     |   11.060|
A<11>          |Result<14>     |   10.677|
A<11>          |Result<15>     |   10.441|
A<11>          |Result<16>     |   11.065|
A<11>          |Result<17>     |   10.672|
A<11>          |Result<18>     |   10.745|
A<11>          |Result<19>     |   10.719|
A<11>          |Result<20>     |   10.031|
A<11>          |Result<21>     |   10.996|
A<11>          |Result<22>     |   10.971|
A<11>          |Result<23>     |   10.790|
A<11>          |Result<24>     |   10.401|
A<11>          |Result<25>     |   11.424|
A<11>          |Result<26>     |   11.122|
A<11>          |Result<27>     |   11.032|
A<11>          |Result<28>     |   10.240|
A<11>          |Result<29>     |   10.833|
A<11>          |Result<30>     |   11.488|
A<11>          |Result<31>     |   11.269|
A<12>          |Result<11>     |    8.801|
A<12>          |Result<12>     |   10.294|
A<12>          |Result<13>     |   10.910|
A<12>          |Result<14>     |   10.603|
A<12>          |Result<15>     |   10.367|
A<12>          |Result<16>     |   10.991|
A<12>          |Result<17>     |   10.598|
A<12>          |Result<18>     |   10.671|
A<12>          |Result<19>     |   10.645|
A<12>          |Result<20>     |    9.957|
A<12>          |Result<21>     |   10.922|
A<12>          |Result<22>     |   10.897|
A<12>          |Result<23>     |   10.716|
A<12>          |Result<24>     |   10.327|
A<12>          |Result<25>     |   11.350|
A<12>          |Result<26>     |   11.048|
A<12>          |Result<27>     |   10.958|
A<12>          |Result<28>     |   10.166|
A<12>          |Result<29>     |   10.759|
A<12>          |Result<30>     |   11.414|
A<12>          |Result<31>     |   11.195|
A<13>          |Result<12>     |    9.036|
A<13>          |Result<13>     |   10.354|
A<13>          |Result<14>     |   10.515|
A<13>          |Result<15>     |   10.279|
A<13>          |Result<16>     |   10.903|
A<13>          |Result<17>     |   10.510|
A<13>          |Result<18>     |   10.583|
A<13>          |Result<19>     |   10.557|
A<13>          |Result<20>     |    9.869|
A<13>          |Result<21>     |   10.834|
A<13>          |Result<22>     |   10.809|
A<13>          |Result<23>     |   10.628|
A<13>          |Result<24>     |   10.239|
A<13>          |Result<25>     |   11.262|
A<13>          |Result<26>     |   10.960|
A<13>          |Result<27>     |   10.870|
A<13>          |Result<28>     |   10.078|
A<13>          |Result<29>     |   10.671|
A<13>          |Result<30>     |   11.326|
A<13>          |Result<31>     |   11.107|
A<14>          |Result<13>     |    8.597|
A<14>          |Result<14>     |    9.764|
A<14>          |Result<15>     |   10.002|
A<14>          |Result<16>     |   10.702|
A<14>          |Result<17>     |   10.309|
A<14>          |Result<18>     |   10.382|
A<14>          |Result<19>     |   10.356|
A<14>          |Result<20>     |    9.668|
A<14>          |Result<21>     |   10.633|
A<14>          |Result<22>     |   10.608|
A<14>          |Result<23>     |   10.427|
A<14>          |Result<24>     |   10.038|
A<14>          |Result<25>     |   11.061|
A<14>          |Result<26>     |   10.759|
A<14>          |Result<27>     |   10.669|
A<14>          |Result<28>     |    9.877|
A<14>          |Result<29>     |   10.470|
A<14>          |Result<30>     |   11.125|
A<14>          |Result<31>     |   10.906|
A<15>          |Result<14>     |    8.663|
A<15>          |Result<15>     |    9.624|
A<15>          |Result<16>     |   10.792|
A<15>          |Result<17>     |   10.399|
A<15>          |Result<18>     |   10.472|
A<15>          |Result<19>     |   10.446|
A<15>          |Result<20>     |    9.758|
A<15>          |Result<21>     |   10.723|
A<15>          |Result<22>     |   10.698|
A<15>          |Result<23>     |   10.517|
A<15>          |Result<24>     |   10.128|
A<15>          |Result<25>     |   11.151|
A<15>          |Result<26>     |   10.849|
A<15>          |Result<27>     |   10.759|
A<15>          |Result<28>     |    9.967|
A<15>          |Result<29>     |   10.560|
A<15>          |Result<30>     |   11.215|
A<15>          |Result<31>     |   10.996|
A<16>          |Result<15>     |    8.528|
A<16>          |Result<16>     |   10.357|
A<16>          |Result<17>     |   10.438|
A<16>          |Result<18>     |   10.587|
A<16>          |Result<19>     |   10.561|
A<16>          |Result<20>     |    9.873|
A<16>          |Result<21>     |   10.838|
A<16>          |Result<22>     |   10.813|
A<16>          |Result<23>     |   10.632|
A<16>          |Result<24>     |   10.243|
A<16>          |Result<25>     |   11.266|
A<16>          |Result<26>     |   10.964|
A<16>          |Result<27>     |   10.874|
A<16>          |Result<28>     |   10.082|
A<16>          |Result<29>     |   10.675|
A<16>          |Result<30>     |   11.330|
A<16>          |Result<31>     |   11.111|
A<17>          |Result<16>     |    8.523|
A<17>          |Result<17>     |    9.412|
A<17>          |Result<18>     |   10.029|
A<17>          |Result<19>     |   10.003|
A<17>          |Result<20>     |    9.315|
A<17>          |Result<21>     |   10.280|
A<17>          |Result<22>     |   10.255|
A<17>          |Result<23>     |   10.074|
A<17>          |Result<24>     |    9.685|
A<17>          |Result<25>     |   10.708|
A<17>          |Result<26>     |   10.406|
A<17>          |Result<27>     |   10.316|
A<17>          |Result<28>     |    9.524|
A<17>          |Result<29>     |   10.117|
A<17>          |Result<30>     |   10.772|
A<17>          |Result<31>     |   10.553|
A<18>          |Result<17>     |    8.891|
A<18>          |Result<18>     |    9.136|
A<18>          |Result<19>     |    9.584|
A<18>          |Result<20>     |    8.972|
A<18>          |Result<21>     |    9.937|
A<18>          |Result<22>     |    9.912|
A<18>          |Result<23>     |    9.731|
A<18>          |Result<24>     |    9.342|
A<18>          |Result<25>     |   10.365|
A<18>          |Result<26>     |   10.063|
A<18>          |Result<27>     |    9.973|
A<18>          |Result<28>     |    9.181|
A<18>          |Result<29>     |    9.774|
A<18>          |Result<30>     |   10.429|
A<18>          |Result<31>     |   10.210|
A<19>          |Result<18>     |    8.774|
A<19>          |Result<19>     |    9.382|
A<19>          |Result<20>     |    9.238|
A<19>          |Result<21>     |   10.203|
A<19>          |Result<22>     |   10.178|
A<19>          |Result<23>     |    9.997|
A<19>          |Result<24>     |    9.608|
A<19>          |Result<25>     |   10.631|
A<19>          |Result<26>     |   10.329|
A<19>          |Result<27>     |   10.239|
A<19>          |Result<28>     |    9.447|
A<19>          |Result<29>     |   10.040|
A<19>          |Result<30>     |   10.695|
A<19>          |Result<31>     |   10.476|
A<20>          |Result<19>     |    8.254|
A<20>          |Result<20>     |    8.766|
A<20>          |Result<21>     |   10.205|
A<20>          |Result<22>     |   10.256|
A<20>          |Result<23>     |   10.075|
A<20>          |Result<24>     |    9.686|
A<20>          |Result<25>     |   10.709|
A<20>          |Result<26>     |   10.407|
A<20>          |Result<27>     |   10.317|
A<20>          |Result<28>     |    9.525|
A<20>          |Result<29>     |   10.118|
A<20>          |Result<30>     |   10.773|
A<20>          |Result<31>     |   10.554|
A<21>          |Result<20>     |    7.732|
A<21>          |Result<21>     |    9.444|
A<21>          |Result<22>     |    9.963|
A<21>          |Result<23>     |    9.782|
A<21>          |Result<24>     |    9.393|
A<21>          |Result<25>     |   10.416|
A<21>          |Result<26>     |   10.114|
A<21>          |Result<27>     |   10.024|
A<21>          |Result<28>     |    9.232|
A<21>          |Result<29>     |    9.825|
A<21>          |Result<30>     |   10.480|
A<21>          |Result<31>     |   10.261|
A<22>          |Result<21>     |    8.507|
A<22>          |Result<22>     |    9.129|
A<22>          |Result<23>     |    9.422|
A<22>          |Result<24>     |    9.109|
A<22>          |Result<25>     |   10.132|
A<22>          |Result<26>     |    9.830|
A<22>          |Result<27>     |    9.740|
A<22>          |Result<28>     |    8.948|
A<22>          |Result<29>     |    9.541|
A<22>          |Result<30>     |   10.196|
A<22>          |Result<31>     |    9.977|
A<23>          |Result<22>     |    9.420|
A<23>          |Result<23>     |    9.903|
A<23>          |Result<24>     |   10.058|
A<23>          |Result<25>     |   11.081|
A<23>          |Result<26>     |   10.779|
A<23>          |Result<27>     |   10.689|
A<23>          |Result<28>     |    9.897|
A<23>          |Result<29>     |   10.490|
A<23>          |Result<30>     |   11.145|
A<23>          |Result<31>     |   10.926|
A<24>          |Result<23>     |    7.881|
A<24>          |Result<24>     |    8.437|
A<24>          |Result<25>     |    9.934|
A<24>          |Result<26>     |    9.708|
A<24>          |Result<27>     |    9.618|
A<24>          |Result<28>     |    8.826|
A<24>          |Result<29>     |    9.419|
A<24>          |Result<30>     |   10.074|
A<24>          |Result<31>     |    9.855|
A<25>          |Result<24>     |    8.445|
A<25>          |Result<25>     |    9.931|
A<25>          |Result<26>     |   10.173|
A<25>          |Result<27>     |   10.083|
A<25>          |Result<28>     |    9.291|
A<25>          |Result<29>     |    9.884|
A<25>          |Result<30>     |   10.539|
A<25>          |Result<31>     |   10.320|
A<26>          |Result<25>     |    9.580|
A<26>          |Result<26>     |    9.574|
A<26>          |Result<27>     |    9.958|
A<26>          |Result<28>     |    9.242|
A<26>          |Result<29>     |    9.835|
A<26>          |Result<30>     |   10.490|
A<26>          |Result<31>     |   10.271|
A<27>          |Result<26>     |    9.570|
A<27>          |Result<27>     |    9.598|
A<27>          |Result<28>     |    9.350|
A<27>          |Result<29>     |    9.943|
A<27>          |Result<30>     |   10.598|
A<27>          |Result<31>     |   10.379|
A<28>          |Result<27>     |    8.391|
A<28>          |Result<28>     |    8.270|
A<28>          |Result<29>     |    9.337|
A<28>          |Result<30>     |   10.068|
A<28>          |Result<31>     |    9.849|
A<29>          |Result<28>     |    7.956|
A<29>          |Result<29>     |    8.592|
A<29>          |Result<30>     |    9.791|
A<29>          |Result<31>     |    9.572|
A<30>          |Result<29>     |    9.544|
A<30>          |Result<30>     |   10.859|
A<30>          |Result<31>     |   11.114|
A<31>          |Result<30>     |    7.872|
A<31>          |Result<31>     |    9.467|
ADD_SUB_in     |Result<0>      |   12.081|
ADD_SUB_in     |Result<1>      |   12.312|
ADD_SUB_in     |Result<2>      |   12.156|
ADD_SUB_in     |Result<3>      |   12.349|
ADD_SUB_in     |Result<4>      |   12.322|
ADD_SUB_in     |Result<5>      |   12.310|
ADD_SUB_in     |Result<6>      |   12.367|
ADD_SUB_in     |Result<7>      |   13.096|
ADD_SUB_in     |Result<8>      |   11.453|
ADD_SUB_in     |Result<9>      |   12.732|
ADD_SUB_in     |Result<10>     |   12.353|
ADD_SUB_in     |Result<11>     |   12.508|
ADD_SUB_in     |Result<12>     |   12.588|
ADD_SUB_in     |Result<13>     |   12.730|
ADD_SUB_in     |Result<14>     |   12.347|
ADD_SUB_in     |Result<15>     |   12.111|
ADD_SUB_in     |Result<16>     |   12.735|
ADD_SUB_in     |Result<17>     |   12.342|
ADD_SUB_in     |Result<18>     |   12.415|
ADD_SUB_in     |Result<19>     |   12.389|
ADD_SUB_in     |Result<20>     |   11.701|
ADD_SUB_in     |Result<21>     |   12.666|
ADD_SUB_in     |Result<22>     |   12.641|
ADD_SUB_in     |Result<23>     |   12.460|
ADD_SUB_in     |Result<24>     |   12.071|
ADD_SUB_in     |Result<25>     |   13.094|
ADD_SUB_in     |Result<26>     |   12.792|
ADD_SUB_in     |Result<27>     |   12.702|
ADD_SUB_in     |Result<28>     |   11.910|
ADD_SUB_in     |Result<29>     |   12.503|
ADD_SUB_in     |Result<30>     |   13.158|
ADD_SUB_in     |Result<31>     |   12.939|
B<0>           |Result<0>      |   10.319|
B<0>           |Result<1>      |   10.927|
B<0>           |Result<2>      |   10.771|
B<0>           |Result<3>      |   10.964|
B<0>           |Result<4>      |   10.937|
B<0>           |Result<5>      |   10.925|
B<0>           |Result<6>      |   10.982|
B<0>           |Result<7>      |   11.711|
B<0>           |Result<8>      |   10.068|
B<0>           |Result<9>      |   11.347|
B<0>           |Result<10>     |   10.968|
B<0>           |Result<11>     |   11.123|
B<0>           |Result<12>     |   11.203|
B<0>           |Result<13>     |   11.345|
B<0>           |Result<14>     |   10.962|
B<0>           |Result<15>     |   10.726|
B<0>           |Result<16>     |   11.350|
B<0>           |Result<17>     |   10.957|
B<0>           |Result<18>     |   11.030|
B<0>           |Result<19>     |   11.004|
B<0>           |Result<20>     |   10.316|
B<0>           |Result<21>     |   11.281|
B<0>           |Result<22>     |   11.256|
B<0>           |Result<23>     |   11.075|
B<0>           |Result<24>     |   10.686|
B<0>           |Result<25>     |   11.709|
B<0>           |Result<26>     |   11.407|
B<0>           |Result<27>     |   11.317|
B<0>           |Result<28>     |   10.525|
B<0>           |Result<29>     |   11.118|
B<0>           |Result<30>     |   11.773|
B<0>           |Result<31>     |   11.554|
B<1>           |Result<1>      |   10.717|
B<1>           |Result<2>      |   11.029|
B<1>           |Result<3>      |   11.222|
B<1>           |Result<4>      |   11.195|
B<1>           |Result<5>      |   11.183|
B<1>           |Result<6>      |   11.240|
B<1>           |Result<7>      |   11.969|
B<1>           |Result<8>      |   10.326|
B<1>           |Result<9>      |   11.605|
B<1>           |Result<10>     |   11.226|
B<1>           |Result<11>     |   11.381|
B<1>           |Result<12>     |   11.461|
B<1>           |Result<13>     |   11.603|
B<1>           |Result<14>     |   11.220|
B<1>           |Result<15>     |   10.984|
B<1>           |Result<16>     |   11.608|
B<1>           |Result<17>     |   11.215|
B<1>           |Result<18>     |   11.288|
B<1>           |Result<19>     |   11.262|
B<1>           |Result<20>     |   10.574|
B<1>           |Result<21>     |   11.539|
B<1>           |Result<22>     |   11.514|
B<1>           |Result<23>     |   11.333|
B<1>           |Result<24>     |   10.944|
B<1>           |Result<25>     |   11.967|
B<1>           |Result<26>     |   11.665|
B<1>           |Result<27>     |   11.575|
B<1>           |Result<28>     |   10.783|
B<1>           |Result<29>     |   11.376|
B<1>           |Result<30>     |   12.031|
B<1>           |Result<31>     |   11.812|
B<2>           |Result<2>      |   10.982|
B<2>           |Result<3>      |   11.649|
B<2>           |Result<4>      |   11.698|
B<2>           |Result<5>      |   11.686|
B<2>           |Result<6>      |   11.743|
B<2>           |Result<7>      |   12.472|
B<2>           |Result<8>      |   10.829|
B<2>           |Result<9>      |   12.108|
B<2>           |Result<10>     |   11.729|
B<2>           |Result<11>     |   11.884|
B<2>           |Result<12>     |   11.964|
B<2>           |Result<13>     |   12.106|
B<2>           |Result<14>     |   11.723|
B<2>           |Result<15>     |   11.487|
B<2>           |Result<16>     |   12.111|
B<2>           |Result<17>     |   11.718|
B<2>           |Result<18>     |   11.791|
B<2>           |Result<19>     |   11.765|
B<2>           |Result<20>     |   11.077|
B<2>           |Result<21>     |   12.042|
B<2>           |Result<22>     |   12.017|
B<2>           |Result<23>     |   11.836|
B<2>           |Result<24>     |   11.447|
B<2>           |Result<25>     |   12.470|
B<2>           |Result<26>     |   12.168|
B<2>           |Result<27>     |   12.078|
B<2>           |Result<28>     |   11.286|
B<2>           |Result<29>     |   11.879|
B<2>           |Result<30>     |   12.534|
B<2>           |Result<31>     |   12.315|
B<3>           |Result<3>      |   11.144|
B<3>           |Result<4>      |   11.661|
B<3>           |Result<5>      |   11.649|
B<3>           |Result<6>      |   11.706|
B<3>           |Result<7>      |   12.435|
B<3>           |Result<8>      |   10.792|
B<3>           |Result<9>      |   12.071|
B<3>           |Result<10>     |   11.692|
B<3>           |Result<11>     |   11.847|
B<3>           |Result<12>     |   11.927|
B<3>           |Result<13>     |   12.069|
B<3>           |Result<14>     |   11.686|
B<3>           |Result<15>     |   11.450|
B<3>           |Result<16>     |   12.074|
B<3>           |Result<17>     |   11.681|
B<3>           |Result<18>     |   11.754|
B<3>           |Result<19>     |   11.728|
B<3>           |Result<20>     |   11.040|
B<3>           |Result<21>     |   12.005|
B<3>           |Result<22>     |   11.980|
B<3>           |Result<23>     |   11.799|
B<3>           |Result<24>     |   11.410|
B<3>           |Result<25>     |   12.433|
B<3>           |Result<26>     |   12.131|
B<3>           |Result<27>     |   12.041|
B<3>           |Result<28>     |   11.249|
B<3>           |Result<29>     |   11.842|
B<3>           |Result<30>     |   12.497|
B<3>           |Result<31>     |   12.278|
B<4>           |Result<4>      |   10.703|
B<4>           |Result<5>      |   11.165|
B<4>           |Result<6>      |   11.298|
B<4>           |Result<7>      |   12.027|
B<4>           |Result<8>      |   10.384|
B<4>           |Result<9>      |   11.663|
B<4>           |Result<10>     |   11.284|
B<4>           |Result<11>     |   11.439|
B<4>           |Result<12>     |   11.519|
B<4>           |Result<13>     |   11.661|
B<4>           |Result<14>     |   11.278|
B<4>           |Result<15>     |   11.042|
B<4>           |Result<16>     |   11.666|
B<4>           |Result<17>     |   11.273|
B<4>           |Result<18>     |   11.346|
B<4>           |Result<19>     |   11.320|
B<4>           |Result<20>     |   10.632|
B<4>           |Result<21>     |   11.597|
B<4>           |Result<22>     |   11.572|
B<4>           |Result<23>     |   11.391|
B<4>           |Result<24>     |   11.002|
B<4>           |Result<25>     |   12.025|
B<4>           |Result<26>     |   11.723|
B<4>           |Result<27>     |   11.633|
B<4>           |Result<28>     |   10.841|
B<4>           |Result<29>     |   11.434|
B<4>           |Result<30>     |   12.089|
B<4>           |Result<31>     |   11.870|
B<5>           |Result<5>      |   11.312|
B<5>           |Result<6>      |   11.913|
B<5>           |Result<7>      |   12.642|
B<5>           |Result<8>      |   10.999|
B<5>           |Result<9>      |   12.278|
B<5>           |Result<10>     |   11.899|
B<5>           |Result<11>     |   12.054|
B<5>           |Result<12>     |   12.134|
B<5>           |Result<13>     |   12.276|
B<5>           |Result<14>     |   11.893|
B<5>           |Result<15>     |   11.657|
B<5>           |Result<16>     |   12.281|
B<5>           |Result<17>     |   11.888|
B<5>           |Result<18>     |   11.961|
B<5>           |Result<19>     |   11.935|
B<5>           |Result<20>     |   11.247|
B<5>           |Result<21>     |   12.212|
B<5>           |Result<22>     |   12.187|
B<5>           |Result<23>     |   12.006|
B<5>           |Result<24>     |   11.617|
B<5>           |Result<25>     |   12.640|
B<5>           |Result<26>     |   12.338|
B<5>           |Result<27>     |   12.248|
B<5>           |Result<28>     |   11.456|
B<5>           |Result<29>     |   12.049|
B<5>           |Result<30>     |   12.704|
B<5>           |Result<31>     |   12.485|
B<6>           |Result<6>      |    9.839|
B<6>           |Result<7>      |   11.042|
B<6>           |Result<8>      |    9.475|
B<6>           |Result<9>      |   10.754|
B<6>           |Result<10>     |   10.375|
B<6>           |Result<11>     |   10.530|
B<6>           |Result<12>     |   10.610|
B<6>           |Result<13>     |   10.752|
B<6>           |Result<14>     |   10.369|
B<6>           |Result<15>     |   10.133|
B<6>           |Result<16>     |   10.757|
B<6>           |Result<17>     |   10.364|
B<6>           |Result<18>     |   10.437|
B<6>           |Result<19>     |   10.411|
B<6>           |Result<20>     |    9.723|
B<6>           |Result<21>     |   10.688|
B<6>           |Result<22>     |   10.663|
B<6>           |Result<23>     |   10.482|
B<6>           |Result<24>     |   10.093|
B<6>           |Result<25>     |   11.116|
B<6>           |Result<26>     |   10.814|
B<6>           |Result<27>     |   10.724|
B<6>           |Result<28>     |    9.932|
B<6>           |Result<29>     |   10.525|
B<6>           |Result<30>     |   11.180|
B<6>           |Result<31>     |   10.961|
B<7>           |Result<7>      |   11.436|
B<7>           |Result<8>      |   10.337|
B<7>           |Result<9>      |   11.616|
B<7>           |Result<10>     |   11.237|
B<7>           |Result<11>     |   11.392|
B<7>           |Result<12>     |   11.472|
B<7>           |Result<13>     |   11.614|
B<7>           |Result<14>     |   11.231|
B<7>           |Result<15>     |   10.995|
B<7>           |Result<16>     |   11.619|
B<7>           |Result<17>     |   11.226|
B<7>           |Result<18>     |   11.299|
B<7>           |Result<19>     |   11.273|
B<7>           |Result<20>     |   10.585|
B<7>           |Result<21>     |   11.550|
B<7>           |Result<22>     |   11.525|
B<7>           |Result<23>     |   11.344|
B<7>           |Result<24>     |   10.955|
B<7>           |Result<25>     |   11.978|
B<7>           |Result<26>     |   11.676|
B<7>           |Result<27>     |   11.586|
B<7>           |Result<28>     |   10.794|
B<7>           |Result<29>     |   11.387|
B<7>           |Result<30>     |   12.042|
B<7>           |Result<31>     |   11.823|
B<8>           |Result<8>      |    9.976|
B<8>           |Result<9>      |   11.729|
B<8>           |Result<10>     |   11.426|
B<8>           |Result<11>     |   11.581|
B<8>           |Result<12>     |   11.661|
B<8>           |Result<13>     |   11.803|
B<8>           |Result<14>     |   11.420|
B<8>           |Result<15>     |   11.184|
B<8>           |Result<16>     |   11.808|
B<8>           |Result<17>     |   11.415|
B<8>           |Result<18>     |   11.488|
B<8>           |Result<19>     |   11.462|
B<8>           |Result<20>     |   10.774|
B<8>           |Result<21>     |   11.739|
B<8>           |Result<22>     |   11.714|
B<8>           |Result<23>     |   11.533|
B<8>           |Result<24>     |   11.144|
B<8>           |Result<25>     |   12.167|
B<8>           |Result<26>     |   11.865|
B<8>           |Result<27>     |   11.775|
B<8>           |Result<28>     |   10.983|
B<8>           |Result<29>     |   11.576|
B<8>           |Result<30>     |   12.231|
B<8>           |Result<31>     |   12.012|
B<9>           |Result<9>      |   11.421|
B<9>           |Result<10>     |   11.586|
B<9>           |Result<11>     |   11.741|
B<9>           |Result<12>     |   11.821|
B<9>           |Result<13>     |   11.963|
B<9>           |Result<14>     |   11.580|
B<9>           |Result<15>     |   11.344|
B<9>           |Result<16>     |   11.968|
B<9>           |Result<17>     |   11.575|
B<9>           |Result<18>     |   11.648|
B<9>           |Result<19>     |   11.622|
B<9>           |Result<20>     |   10.934|
B<9>           |Result<21>     |   11.899|
B<9>           |Result<22>     |   11.874|
B<9>           |Result<23>     |   11.693|
B<9>           |Result<24>     |   11.304|
B<9>           |Result<25>     |   12.327|
B<9>           |Result<26>     |   12.025|
B<9>           |Result<27>     |   11.935|
B<9>           |Result<28>     |   11.143|
B<9>           |Result<29>     |   11.736|
B<9>           |Result<30>     |   12.391|
B<9>           |Result<31>     |   12.172|
B<10>          |Result<10>     |   10.458|
B<10>          |Result<11>     |   11.087|
B<10>          |Result<12>     |   11.243|
B<10>          |Result<13>     |   11.385|
B<10>          |Result<14>     |   11.002|
B<10>          |Result<15>     |   10.766|
B<10>          |Result<16>     |   11.390|
B<10>          |Result<17>     |   10.997|
B<10>          |Result<18>     |   11.070|
B<10>          |Result<19>     |   11.044|
B<10>          |Result<20>     |   10.356|
B<10>          |Result<21>     |   11.321|
B<10>          |Result<22>     |   11.296|
B<10>          |Result<23>     |   11.115|
B<10>          |Result<24>     |   10.726|
B<10>          |Result<25>     |   11.749|
B<10>          |Result<26>     |   11.447|
B<10>          |Result<27>     |   11.357|
B<10>          |Result<28>     |   10.565|
B<10>          |Result<29>     |   11.158|
B<10>          |Result<30>     |   11.813|
B<10>          |Result<31>     |   11.594|
B<11>          |Result<11>     |   10.803|
B<11>          |Result<12>     |   11.427|
B<11>          |Result<13>     |   11.569|
B<11>          |Result<14>     |   11.186|
B<11>          |Result<15>     |   10.950|
B<11>          |Result<16>     |   11.574|
B<11>          |Result<17>     |   11.181|
B<11>          |Result<18>     |   11.254|
B<11>          |Result<19>     |   11.228|
B<11>          |Result<20>     |   10.540|
B<11>          |Result<21>     |   11.505|
B<11>          |Result<22>     |   11.480|
B<11>          |Result<23>     |   11.299|
B<11>          |Result<24>     |   10.910|
B<11>          |Result<25>     |   11.933|
B<11>          |Result<26>     |   11.631|
B<11>          |Result<27>     |   11.541|
B<11>          |Result<28>     |   10.749|
B<11>          |Result<29>     |   11.342|
B<11>          |Result<30>     |   11.997|
B<11>          |Result<31>     |   11.778|
B<12>          |Result<12>     |   10.424|
B<12>          |Result<13>     |   11.040|
B<12>          |Result<14>     |   10.733|
B<12>          |Result<15>     |   10.497|
B<12>          |Result<16>     |   11.121|
B<12>          |Result<17>     |   10.728|
B<12>          |Result<18>     |   10.801|
B<12>          |Result<19>     |   10.775|
B<12>          |Result<20>     |   10.087|
B<12>          |Result<21>     |   11.052|
B<12>          |Result<22>     |   11.027|
B<12>          |Result<23>     |   10.846|
B<12>          |Result<24>     |   10.457|
B<12>          |Result<25>     |   11.480|
B<12>          |Result<26>     |   11.178|
B<12>          |Result<27>     |   11.088|
B<12>          |Result<28>     |   10.296|
B<12>          |Result<29>     |   10.889|
B<12>          |Result<30>     |   11.544|
B<12>          |Result<31>     |   11.325|
B<13>          |Result<13>     |   11.090|
B<13>          |Result<14>     |   11.251|
B<13>          |Result<15>     |   11.015|
B<13>          |Result<16>     |   11.639|
B<13>          |Result<17>     |   11.246|
B<13>          |Result<18>     |   11.319|
B<13>          |Result<19>     |   11.293|
B<13>          |Result<20>     |   10.605|
B<13>          |Result<21>     |   11.570|
B<13>          |Result<22>     |   11.545|
B<13>          |Result<23>     |   11.364|
B<13>          |Result<24>     |   10.975|
B<13>          |Result<25>     |   11.998|
B<13>          |Result<26>     |   11.696|
B<13>          |Result<27>     |   11.606|
B<13>          |Result<28>     |   10.814|
B<13>          |Result<29>     |   11.407|
B<13>          |Result<30>     |   12.062|
B<13>          |Result<31>     |   11.843|
B<14>          |Result<14>     |    9.917|
B<14>          |Result<15>     |   10.155|
B<14>          |Result<16>     |   10.855|
B<14>          |Result<17>     |   10.462|
B<14>          |Result<18>     |   10.535|
B<14>          |Result<19>     |   10.509|
B<14>          |Result<20>     |    9.821|
B<14>          |Result<21>     |   10.786|
B<14>          |Result<22>     |   10.761|
B<14>          |Result<23>     |   10.580|
B<14>          |Result<24>     |   10.191|
B<14>          |Result<25>     |   11.214|
B<14>          |Result<26>     |   10.912|
B<14>          |Result<27>     |   10.822|
B<14>          |Result<28>     |   10.030|
B<14>          |Result<29>     |   10.623|
B<14>          |Result<30>     |   11.278|
B<14>          |Result<31>     |   11.059|
B<15>          |Result<15>     |    9.475|
B<15>          |Result<16>     |   10.643|
B<15>          |Result<17>     |   10.250|
B<15>          |Result<18>     |   10.323|
B<15>          |Result<19>     |   10.297|
B<15>          |Result<20>     |    9.609|
B<15>          |Result<21>     |   10.574|
B<15>          |Result<22>     |   10.549|
B<15>          |Result<23>     |   10.368|
B<15>          |Result<24>     |    9.979|
B<15>          |Result<25>     |   11.002|
B<15>          |Result<26>     |   10.700|
B<15>          |Result<27>     |   10.610|
B<15>          |Result<28>     |    9.818|
B<15>          |Result<29>     |   10.411|
B<15>          |Result<30>     |   11.066|
B<15>          |Result<31>     |   10.847|
B<16>          |Result<16>     |   10.631|
B<16>          |Result<17>     |   10.712|
B<16>          |Result<18>     |   10.861|
B<16>          |Result<19>     |   10.835|
B<16>          |Result<20>     |   10.147|
B<16>          |Result<21>     |   11.112|
B<16>          |Result<22>     |   11.087|
B<16>          |Result<23>     |   10.906|
B<16>          |Result<24>     |   10.517|
B<16>          |Result<25>     |   11.540|
B<16>          |Result<26>     |   11.238|
B<16>          |Result<27>     |   11.148|
B<16>          |Result<28>     |   10.356|
B<16>          |Result<29>     |   10.949|
B<16>          |Result<30>     |   11.604|
B<16>          |Result<31>     |   11.385|
B<17>          |Result<17>     |   10.182|
B<17>          |Result<18>     |   10.799|
B<17>          |Result<19>     |   10.773|
B<17>          |Result<20>     |   10.085|
B<17>          |Result<21>     |   11.050|
B<17>          |Result<22>     |   11.025|
B<17>          |Result<23>     |   10.844|
B<17>          |Result<24>     |   10.455|
B<17>          |Result<25>     |   11.478|
B<17>          |Result<26>     |   11.176|
B<17>          |Result<27>     |   11.086|
B<17>          |Result<28>     |   10.294|
B<17>          |Result<29>     |   10.887|
B<17>          |Result<30>     |   11.542|
B<17>          |Result<31>     |   11.323|
B<18>          |Result<18>     |   10.024|
B<18>          |Result<19>     |   10.472|
B<18>          |Result<20>     |    9.860|
B<18>          |Result<21>     |   10.825|
B<18>          |Result<22>     |   10.800|
B<18>          |Result<23>     |   10.619|
B<18>          |Result<24>     |   10.230|
B<18>          |Result<25>     |   11.253|
B<18>          |Result<26>     |   10.951|
B<18>          |Result<27>     |   10.861|
B<18>          |Result<28>     |   10.069|
B<18>          |Result<29>     |   10.662|
B<18>          |Result<30>     |   11.317|
B<18>          |Result<31>     |   11.098|
B<19>          |Result<19>     |   10.228|
B<19>          |Result<20>     |   10.084|
B<19>          |Result<21>     |   11.049|
B<19>          |Result<22>     |   11.024|
B<19>          |Result<23>     |   10.843|
B<19>          |Result<24>     |   10.454|
B<19>          |Result<25>     |   11.477|
B<19>          |Result<26>     |   11.175|
B<19>          |Result<27>     |   11.085|
B<19>          |Result<28>     |   10.293|
B<19>          |Result<29>     |   10.886|
B<19>          |Result<30>     |   11.541|
B<19>          |Result<31>     |   11.322|
B<20>          |Result<20>     |    9.484|
B<20>          |Result<21>     |   10.923|
B<20>          |Result<22>     |   10.974|
B<20>          |Result<23>     |   10.793|
B<20>          |Result<24>     |   10.404|
B<20>          |Result<25>     |   11.427|
B<20>          |Result<26>     |   11.125|
B<20>          |Result<27>     |   11.035|
B<20>          |Result<28>     |   10.243|
B<20>          |Result<29>     |   10.836|
B<20>          |Result<30>     |   11.491|
B<20>          |Result<31>     |   11.272|
B<21>          |Result<21>     |   10.373|
B<21>          |Result<22>     |   10.892|
B<21>          |Result<23>     |   10.711|
B<21>          |Result<24>     |   10.322|
B<21>          |Result<25>     |   11.345|
B<21>          |Result<26>     |   11.043|
B<21>          |Result<27>     |   10.953|
B<21>          |Result<28>     |   10.161|
B<21>          |Result<29>     |   10.754|
B<21>          |Result<30>     |   11.409|
B<21>          |Result<31>     |   11.190|
B<22>          |Result<22>     |   10.266|
B<22>          |Result<23>     |   10.559|
B<22>          |Result<24>     |   10.246|
B<22>          |Result<25>     |   11.269|
B<22>          |Result<26>     |   10.967|
B<22>          |Result<27>     |   10.877|
B<22>          |Result<28>     |   10.085|
B<22>          |Result<29>     |   10.678|
B<22>          |Result<30>     |   11.333|
B<22>          |Result<31>     |   11.114|
B<23>          |Result<23>     |    9.783|
B<23>          |Result<24>     |    9.938|
B<23>          |Result<25>     |   10.961|
B<23>          |Result<26>     |   10.659|
B<23>          |Result<27>     |   10.569|
B<23>          |Result<28>     |    9.777|
B<23>          |Result<29>     |   10.370|
B<23>          |Result<30>     |   11.025|
B<23>          |Result<31>     |   10.806|
B<24>          |Result<24>     |   10.069|
B<24>          |Result<25>     |   11.566|
B<24>          |Result<26>     |   11.340|
B<24>          |Result<27>     |   11.250|
B<24>          |Result<28>     |   10.458|
B<24>          |Result<29>     |   11.051|
B<24>          |Result<30>     |   11.706|
B<24>          |Result<31>     |   11.487|
B<25>          |Result<25>     |   10.291|
B<25>          |Result<26>     |   10.533|
B<25>          |Result<27>     |   10.443|
B<25>          |Result<28>     |    9.651|
B<25>          |Result<29>     |   10.244|
B<25>          |Result<30>     |   10.899|
B<25>          |Result<31>     |   10.680|
B<26>          |Result<26>     |    9.868|
B<26>          |Result<27>     |   10.252|
B<26>          |Result<28>     |    9.536|
B<26>          |Result<29>     |   10.129|
B<26>          |Result<30>     |   10.784|
B<26>          |Result<31>     |   10.565|
B<27>          |Result<27>     |   10.048|
B<27>          |Result<28>     |    9.800|
B<27>          |Result<29>     |   10.393|
B<27>          |Result<30>     |   11.048|
B<27>          |Result<31>     |   10.829|
B<28>          |Result<28>     |    8.842|
B<28>          |Result<29>     |    9.909|
B<28>          |Result<30>     |   10.640|
B<28>          |Result<31>     |   10.421|
B<29>          |Result<29>     |    9.702|
B<29>          |Result<30>     |   10.901|
B<29>          |Result<31>     |   10.682|
B<30>          |Result<30>     |   10.251|
B<30>          |Result<31>     |   10.506|
B<31>          |Result<31>     |    9.716|
LRshift_in     |Result<0>      |    9.937|
LRshift_in     |Result<1>      |   10.920|
LRshift_in     |Result<2>      |   11.127|
LRshift_in     |Result<3>      |   11.192|
LRshift_in     |Result<4>      |   10.930|
LRshift_in     |Result<5>      |   10.997|
LRshift_in     |Result<6>      |   11.135|
LRshift_in     |Result<7>      |   11.453|
LRshift_in     |Result<8>      |    9.450|
LRshift_in     |Result<9>      |   11.399|
LRshift_in     |Result<10>     |   10.144|
LRshift_in     |Result<11>     |   10.332|
LRshift_in     |Result<12>     |   10.709|
LRshift_in     |Result<13>     |   10.543|
LRshift_in     |Result<14>     |   10.618|
LRshift_in     |Result<15>     |    9.690|
LRshift_in     |Result<16>     |    9.776|
LRshift_in     |Result<17>     |    9.936|
LRshift_in     |Result<18>     |   10.469|
LRshift_in     |Result<19>     |   10.414|
LRshift_in     |Result<20>     |    8.360|
LRshift_in     |Result<21>     |    9.664|
LRshift_in     |Result<22>     |    9.481|
LRshift_in     |Result<23>     |    9.486|
LRshift_in     |Result<24>     |    9.191|
LRshift_in     |Result<25>     |    9.721|
LRshift_in     |Result<26>     |    9.772|
LRshift_in     |Result<27>     |    9.033|
LRshift_in     |Result<28>     |    8.759|
LRshift_in     |Result<29>     |   10.033|
LRshift_in     |Result<30>     |    9.037|
LRshift_in     |Result<31>     |    8.362|
OPcode_in<0>   |Result<0>      |   10.372|
OPcode_in<0>   |Result<1>      |   10.403|
OPcode_in<0>   |Result<2>      |   10.750|
OPcode_in<0>   |Result<3>      |   10.926|
OPcode_in<0>   |Result<4>      |   10.260|
OPcode_in<0>   |Result<5>      |    9.894|
OPcode_in<0>   |Result<6>      |   10.316|
OPcode_in<0>   |Result<7>      |   10.757|
OPcode_in<0>   |Result<8>      |    8.701|
OPcode_in<0>   |Result<9>      |    9.568|
OPcode_in<0>   |Result<10>     |    9.353|
OPcode_in<0>   |Result<11>     |   10.018|
OPcode_in<0>   |Result<12>     |   10.036|
OPcode_in<0>   |Result<13>     |   10.016|
OPcode_in<0>   |Result<14>     |    9.318|
OPcode_in<0>   |Result<15>     |    8.539|
OPcode_in<0>   |Result<16>     |    9.651|
OPcode_in<0>   |Result<17>     |    9.722|
OPcode_in<0>   |Result<18>     |    9.797|
OPcode_in<0>   |Result<19>     |    9.823|
OPcode_in<0>   |Result<20>     |    8.361|
OPcode_in<0>   |Result<21>     |    8.955|
OPcode_in<0>   |Result<22>     |    8.884|
OPcode_in<0>   |Result<23>     |    8.582|
OPcode_in<0>   |Result<24>     |    7.657|
OPcode_in<0>   |Result<25>     |    8.603|
OPcode_in<0>   |Result<26>     |    8.726|
OPcode_in<0>   |Result<27>     |    8.548|
OPcode_in<0>   |Result<28>     |    8.307|
OPcode_in<0>   |Result<29>     |    7.985|
OPcode_in<0>   |Result<30>     |    8.539|
OPcode_in<0>   |Result<31>     |    9.067|
OPcode_in<1>   |Result<0>      |   10.087|
OPcode_in<1>   |Result<1>      |   10.301|
OPcode_in<1>   |Result<2>      |   10.592|
OPcode_in<1>   |Result<3>      |   10.601|
OPcode_in<1>   |Result<4>      |    9.887|
OPcode_in<1>   |Result<5>      |    9.873|
OPcode_in<1>   |Result<6>      |    9.892|
OPcode_in<1>   |Result<7>      |   10.759|
OPcode_in<1>   |Result<8>      |    9.283|
OPcode_in<1>   |Result<9>      |   10.185|
OPcode_in<1>   |Result<10>     |    9.478|
OPcode_in<1>   |Result<11>     |    9.977|
OPcode_in<1>   |Result<12>     |    9.690|
OPcode_in<1>   |Result<13>     |    9.768|
OPcode_in<1>   |Result<14>     |    9.966|
OPcode_in<1>   |Result<15>     |    8.965|
OPcode_in<1>   |Result<16>     |    9.409|
OPcode_in<1>   |Result<17>     |    8.693|
OPcode_in<1>   |Result<18>     |    9.173|
OPcode_in<1>   |Result<19>     |    8.595|
OPcode_in<1>   |Result<20>     |    8.033|
OPcode_in<1>   |Result<21>     |    8.742|
OPcode_in<1>   |Result<22>     |    9.122|
OPcode_in<1>   |Result<23>     |    8.364|
OPcode_in<1>   |Result<24>     |    8.035|
OPcode_in<1>   |Result<25>     |    9.181|
OPcode_in<1>   |Result<26>     |    8.717|
OPcode_in<1>   |Result<27>     |    8.564|
OPcode_in<1>   |Result<28>     |    8.081|
OPcode_in<1>   |Result<29>     |    8.133|
OPcode_in<1>   |Result<30>     |    8.916|
OPcode_in<1>   |Result<31>     |    8.962|
---------------+---------------+---------+


Analysis completed Sat Jan 24 18:31:03 2026 
--------------------------------------------------------------------------------

Trace Settings:
-------------------------
Trace Settings 

Peak Memory Usage: 117 MB



